// Jest Snapshot v1, https://goo.gl/fbAQLP

exports[`GifCardComponent should match with the snapshot 1`] = `
<div>
  <div
    class="card"
  >
    <img
      alt="Title"
      src="https://localhost/image.jpg"
    />
    <p>
      Title
    </p>
  </div>
</div>
`;
